Erro interno: type object 'DevelopmentConfig' has no attribute 'FILES_BASE_PATH'